// Jest Snapshot v1, https://goo.gl/fbAQLP

exports[`<Resume> should render component 1`] = `
<View
  style={
    {
      "flexDirection": "column",
      "width": "100%",
    }
  }
>
  <Text>
    Experience
  </Text>
  <Text
    style={
      {
        "marginTop": 20,
      }
    }
  >
    Columbia Sportswear Company
  </Text>
  <Text>
    Senior Software Engineer
  </Text>
  <Text>
    August 2021 to June 2025
  </Text>
  <div
    className="hr"
  />
  <div
    className="resumeList"
  />
  <Text
    style={
      {
        "marginTop": 20,
      }
    }
  >
    Avinode
  </Text>
  <Text>
    Software Engineer
  </Text>
  <Text>
    August 2018 to March 2021
  </Text>
  <div
    className="hr"
  />
  <div
    className="resumeList"
  />
  <Text
    style={
      {
        "marginTop": 20,
      }
    }
  >
    Graphic Products
  </Text>
  <Text>
    Web Developer
  </Text>
  <Text>
    October 2017 to August 2018
  </Text>
  <div
    className="hr"
  />
  <div
    className="resumeList"
  />
  <Text
    style={
      {
        "marginTop": 20,
      }
    }
  >
    Convoyant
  </Text>
  <Text>
    Software Engineer
  </Text>
  <Text>
    May 2014 to June 2017
  </Text>
  <div
    className="hr"
  />
  <div
    className="resumeList"
  />
  <Text>
    Projects at Columbia Sportswear
  </Text>
  <div
    className="hr"
  />
  <Text>
    Salesforce Order Management (SFOM) - August 2024 to June 2025
  </Text>
  <div
    className="resumeList"
  />
  <Text>
    AWS Lambda Node Upgrades - January 2024 to June 2024
  </Text>
  <div
    className="resumeList"
  />
  <Text>
    Education
  </Text>
  <div
    className="hr"
  />
  <View>
    <Text
      style={
        {
          "color": "#000000",
        }
      }
    >
      Portland State University • B.S. in Computer Science - Portland, OR - 3.3 GPA
    </Text>
  </View>
</View>
`;
