// Jest Snapshot v1, https://goo.gl/fbAQLP

exports[`<PageLayoutView> should render component 1`] = `
<View
  style={
    {
      "backgroundColor": "transparent",
    }
  }
>
  <div
    className="gradient-bar"
  />
  <View
    style={
      {
        "margin": 10,
        "padding": 5,
        "width": "100%",
      }
    }
  >
    <RCTScrollView
      style={
        {
          "width": "100%",
        }
      }
    >
      <View>
        <View />
        <View
          style={
            {
              "paddingBottom": 30,
            }
          }
        />
      </View>
    </RCTScrollView>
  </View>
</View>
`;

exports[`<PageLayoutView> should render component with props 1`] = `
<View
  style={
    {
      "backgroundColor": "transparent",
    }
  }
>
  <div
    className="gradient-bar"
  />
  <View
    style={
      {
        "margin": 10,
        "padding": 5,
        "width": "100%",
      }
    }
  >
    <RCTScrollView
      style={
        {
          "width": "100%",
        }
      }
    >
      <View>
        <View />
        <View
          style={
            {
              "paddingBottom": 30,
            }
          }
        />
      </View>
    </RCTScrollView>
  </View>
</View>
`;
