// Jest Snapshot v1, https://goo.gl/fbAQLP

exports[`<ResumeList> should render component 1`] = `
<View
  style={
    {
      "backgroundColor": "#FFFFFF",
    }
  }
>
  <View>
    <Text
      style={
        {
          "color": "#000000",
        }
      }
    >
      • 
      Test 1
    </Text>
  </View>
  <View>
    <Text
      style={
        {
          "color": "#000000",
        }
      }
    >
      • 
      Test 2
    </Text>
  </View>
  <View>
    <Text
      style={
        {
          "color": "#000000",
        }
      }
    >
      • 
      Test 3
    </Text>
  </View>
</View>
`;

exports[`<ResumeList> should render component with props 1`] = `
<View
  style={
    {
      "backgroundColor": "#FFFFFF",
    }
  }
>
  <View>
    <Text
      style={
        {
          "color": "#000000",
        }
      }
    >
      • 
      Test 1
    </Text>
  </View>
  <View>
    <Text
      style={
        {
          "color": "#000000",
        }
      }
    >
      • 
      Test 2
    </Text>
  </View>
  <View>
    <Text
      style={
        {
          "color": "#000000",
        }
      }
    >
      • 
      Test 3
    </Text>
  </View>
</View>
`;
