// Jest Snapshot v1, https://goo.gl/fbAQLP

exports[`<TechList> should render component 1`] = `
<View
  style={
    {
      "backgroundColor": "#FFFFFF",
    }
  }
>
  <View>
    <div
      className="fontAwesome5"
      style={
        {
          "color": "#000000",
          "fontSize": 24,
        }
      }
    />
    <a
      className="link"
    />
  </View>
  <View>
    <div
      className="fontAwesome5"
      style={
        {
          "color": "#000000",
          "fontSize": 24,
        }
      }
    />
    <a
      className="link"
    />
  </View>
  <View>
    <div
      className="fontAwesome5"
      style={
        {
          "color": "#000000",
          "fontSize": 24,
        }
      }
    />
    <a
      className="link"
    />
  </View>
</View>
`;

exports[`<TechList> should render component with props 1`] = `
<View
  style={
    {
      "backgroundColor": "#FFFFFF",
    }
  }
>
  <View>
    <div
      className="fontAwesome5"
      style={
        {
          "color": "#000000",
          "fontSize": 24,
        }
      }
    />
    <a
      className="link"
    />
  </View>
  <View>
    <div
      className="fontAwesome5"
      style={
        {
          "color": "#000000",
          "fontSize": 24,
        }
      }
    />
    <a
      className="link"
    />
  </View>
  <View>
    <div
      className="fontAwesome5"
      style={
        {
          "color": "#000000",
          "fontSize": 24,
        }
      }
    />
    <a
      className="link"
    />
  </View>
</View>
`;
