// Jest Snapshot v1, https://goo.gl/fbAQLP

exports[`<Snake3d> should render component 1`] = `
<View
  style={
    {
      "backgroundColor": "transparent",
    }
  }
>
  <div
    className="gradient-bar"
  />
  <View
    style={
      {
        "padding": 5,
        "width": "100%",
      }
    }
  >
    <RCTScrollView
      style={
        {
          "width": "100%",
        }
      }
    >
      <View />
    </RCTScrollView>
  </View>
</View>
`;
