// Jest Snapshot v1, https://goo.gl/fbAQLP

exports[`<SnakeGame> should render component 1`] = `
<div
  className="view"
  style={
    {
      "flexDirection": "column",
    }
  }
>
  <div
    className="view"
    style={
      {
        "alignItems": "center",
      }
    }
  >
    <div
      className="text"
    >
      S-N-A-K-E
    </div>
    <div
      className="text"
    >
      Collect the WAFFLES to grow longer! Touch or hover to change direction! Can YOU beat Matt's HIGH SCORE?
    </div>
    <a
      className="link"
      href="https://github.com/mattlarsen0/personal-website/blob/main/app/(snake3d)/index.tsx"
    >
      Read my code for this game!
    </a>
  </div>
  <div
    className="view"
    style={
      {
        "flexDirection": "row",
        "justifyContent": "center",
        "width": "100%",
      }
    }
  >
    <div
      className="pressable"
    >
      <div
        className="view"
      >
        <div
          className="text"
        >
          START GAME
        </div>
      </div>
    </div>
    <div
      className="view"
      style={
        {
          "justifyContent": "center",
        }
      }
    >
      <div
        className="view"
        style={
          {
            "flexDirection": "row",
          }
        }
      >
        <div
          className="text"
          style={{}}
        >
          SCORE
        </div>
        <div
          className="text"
        >
          00000000
        </div>
      </div>
      <div
        className="view"
        style={
          {
            "flexDirection": "row",
          }
        }
      >
        <div
          className="text"
          style={{}}
        >
          HI
        </div>
        <div
          className="text"
        >
          00000028
        </div>
      </div>
      <div
        className="view"
        style={
          {
            "flexDirection": "row",
          }
        }
      >
        <div
          className="text"
          style={{}}
        >
          SPEED
        </div>
        <div
          className="text"
        >
          5
           MPH
        </div>
      </div>
    </div>
  </div>
  <div
    className="view"
  >
    <div
      className="text"
      style={
        {
          "color": "#000000",
          "textAlign": "center",
        }
      }
    >
      <div
        className="flatList"
      >
        <div
          className="view"
          style={
            {
              "display": "flex",
              "flexDirection": "column",
            }
          }
        >
          <div
            className="flatList"
          >
            <div
              className="view"
            >
              <div
                className="text"
              >
                🌲
              </div>
            </div>
            <div
              className="view"
            >
              <div
                className="text"
              >
                🌲
              </div>
            </div>
            <div
              className="view"
            >
              <div
                className="text"
              >
                🌲
              </div>
            </div>
            <div
              className="view"
            >
              <div
                className="text"
              >
                🌲
              </div>
            </div>
            <div
              className="view"
            >
              <div
                className="text"
              >
                🌲
              </div>
            </div>
            <div
              className="view"
            >
              <div
                className="text"
              >
                🌲
              </div>
            </div>
            <div
              className="view"
            >
              <div
                className="text"
              >
                🌲
              </div>
            </div>
            <div
              className="view"
            >
              <div
                className="text"
              >
                🌲
              </div>
            </div>
            <div
              className="view"
            >
              <div
                className="text"
              >
                🌲
              </div>
            </div>
            <div
              className="view"
            >
              <div
                className="text"
              >
                🌲
              </div>
            </div>
            <div
              className="view"
            >
              <div
                className="text"
              >
                🌲
              </div>
            </div>
            <div
              className="view"
            >
              <div
                className="text"
              >
                🌲
              </div>
            </div>
            <div
              className="view"
            >
              <div
                className="text"
              >
                🌲
              </div>
            </div>
            <div
              className="view"
            >
              <div
                className="text"
              >
                🌲
              </div>
            </div>
            <div
              className="view"
            >
              <div
                className="text"
              >
                🌲
              </div>
            </div>
            <div
              className="view"
            >
              <div
                className="text"
              >
                🌲
              </div>
            </div>
            <div
              className="view"
            >
              <div
                className="text"
              >
                🌲
              </div>
            </div>
            <div
              className="view"
            >
              <div
                className="text"
              >
                🌲
              </div>
            </div>
            <div
              className="view"
            >
              <div
                className="text"
              >
                🌲
              </div>
            </div>
            <div
              className="view"
            >
              <div
                className="text"
              >
                🌲
              </div>
            </div>
          </div>
        </div>
        <div
          className="view"
          style={
            {
              "display": "flex",
              "flexDirection": "column",
            }
          }
        >
          <div
            className="flatList"
          >
            <div
              className="view"
            >
              <div
                className="text"
              >
                🌲
              </div>
            </div>
            <div
              className="view"
            >
              <div
                className="text"
              >
                🧇
              </div>
            </div>
            <div
              className="view"
            >
              <div
                className="text"
              >
                .
              </div>
            </div>
            <div
              className="view"
            >
              <div
                className="text"
              >
                .
              </div>
            </div>
            <div
              className="view"
            >
              <div
                className="text"
              >
                .
              </div>
            </div>
            <div
              className="view"
            >
              <div
                className="text"
              >
                .
              </div>
            </div>
            <div
              className="view"
            >
              <div
                className="text"
              >
                .
              </div>
            </div>
            <div
              className="view"
            >
              <div
                className="text"
              >
                .
              </div>
            </div>
            <div
              className="view"
            >
              <div
                className="text"
              >
                .
              </div>
            </div>
            <div
              className="view"
            >
              <div
                className="text"
              >
                .
              </div>
            </div>
            <div
              className="view"
            >
              <div
                className="text"
              >
                .
              </div>
            </div>
            <div
              className="view"
            >
              <div
                className="text"
              >
                .
              </div>
            </div>
            <div
              className="view"
            >
              <div
                className="text"
              >
                .
              </div>
            </div>
            <div
              className="view"
            >
              <div
                className="text"
              >
                .
              </div>
            </div>
            <div
              className="view"
            >
              <div
                className="text"
              >
                .
              </div>
            </div>
            <div
              className="view"
            >
              <div
                className="text"
              >
                .
              </div>
            </div>
            <div
              className="view"
            >
              <div
                className="text"
              >
                .
              </div>
            </div>
            <div
              className="view"
            >
              <div
                className="text"
              >
                .
              </div>
            </div>
            <div
              className="view"
            >
              <div
                className="text"
              >
                .
              </div>
            </div>
            <div
              className="view"
            >
              <div
                className="text"
              >
                🌲
              </div>
            </div>
          </div>
        </div>
        <div
          className="view"
          style={
            {
              "display": "flex",
              "flexDirection": "column",
            }
          }
        >
          <div
            className="flatList"
          >
            <div
              className="view"
            >
              <div
                className="text"
              >
                🌲
              </div>
            </div>
            <div
              className="view"
            >
              <div
                className="text"
              >
                .
              </div>
            </div>
            <div
              className="view"
            >
              <div
                className="text"
              >
                .
              </div>
            </div>
            <div
              className="view"
            >
              <div
                className="text"
              >
                .
              </div>
            </div>
            <div
              className="view"
            >
              <div
                className="text"
              >
                .
              </div>
            </div>
            <div
              className="view"
            >
              <div
                className="text"
              >
                .
              </div>
            </div>
            <div
              className="view"
            >
              <div
                className="text"
              >
                .
              </div>
            </div>
            <div
              className="view"
            >
              <div
                className="text"
              >
                .
              </div>
            </div>
            <div
              className="view"
            >
              <div
                className="text"
              >
                .
              </div>
            </div>
            <div
              className="view"
            >
              <div
                className="text"
              >
                .
              </div>
            </div>
            <div
              className="view"
            >
              <div
                className="text"
              >
                .
              </div>
            </div>
            <div
              className="view"
            >
              <div
                className="text"
              >
                .
              </div>
            </div>
            <div
              className="view"
            >
              <div
                className="text"
              >
                .
              </div>
            </div>
            <div
              className="view"
            >
              <div
                className="text"
              >
                .
              </div>
            </div>
            <div
              className="view"
            >
              <div
                className="text"
              >
                .
              </div>
            </div>
            <div
              className="view"
            >
              <div
                className="text"
              >
                .
              </div>
            </div>
            <div
              className="view"
            >
              <div
                className="text"
              >
                .
              </div>
            </div>
            <div
              className="view"
            >
              <div
                className="text"
              >
                .
              </div>
            </div>
            <div
              className="view"
            >
              <div
                className="text"
              >
                .
              </div>
            </div>
            <div
              className="view"
            >
              <div
                className="text"
              >
                🌲
              </div>
            </div>
          </div>
        </div>
        <div
          className="view"
          style={
            {
              "display": "flex",
              "flexDirection": "column",
            }
          }
        >
          <div
            className="flatList"
          >
            <div
              className="view"
            >
              <div
                className="text"
              >
                🌲
              </div>
            </div>
            <div
              className="view"
            >
              <div
                className="text"
              >
                .
              </div>
            </div>
            <div
              className="view"
            >
              <div
                className="text"
              >
                .
              </div>
            </div>
            <div
              className="view"
            >
              <div
                className="text"
              >
                .
              </div>
            </div>
            <div
              className="view"
            >
              <div
                className="text"
              >
                .
              </div>
            </div>
            <div
              className="view"
            >
              <div
                className="text"
              >
                .
              </div>
            </div>
            <div
              className="view"
            >
              <div
                className="text"
              >
                .
              </div>
            </div>
            <div
              className="view"
            >
              <div
                className="text"
              >
                .
              </div>
            </div>
            <div
              className="view"
            >
              <div
                className="text"
              >
                .
              </div>
            </div>
            <div
              className="view"
            >
              <div
                className="text"
              >
                .
              </div>
            </div>
            <div
              className="view"
            >
              <div
                className="text"
              >
                .
              </div>
            </div>
            <div
              className="view"
            >
              <div
                className="text"
              >
                .
              </div>
            </div>
            <div
              className="view"
            >
              <div
                className="text"
              >
                .
              </div>
            </div>
            <div
              className="view"
            >
              <div
                className="text"
              >
                .
              </div>
            </div>
            <div
              className="view"
            >
              <div
                className="text"
              >
                .
              </div>
            </div>
            <div
              className="view"
            >
              <div
                className="text"
              >
                .
              </div>
            </div>
            <div
              className="view"
            >
              <div
                className="text"
              >
                .
              </div>
            </div>
            <div
              className="view"
            >
              <div
                className="text"
              >
                .
              </div>
            </div>
            <div
              className="view"
            >
              <div
                className="text"
              >
                .
              </div>
            </div>
            <div
              className="view"
            >
              <div
                className="text"
              >
                🌲
              </div>
            </div>
          </div>
        </div>
        <div
          className="view"
          style={
            {
              "display": "flex",
              "flexDirection": "column",
            }
          }
        >
          <div
            className="flatList"
          >
            <div
              className="view"
            >
              <div
                className="text"
              >
                🌲
              </div>
            </div>
            <div
              className="view"
            >
              <div
                className="text"
              >
                .
              </div>
            </div>
            <div
              className="view"
            >
              <div
                className="text"
              >
                .
              </div>
            </div>
            <div
              className="view"
            >
              <div
                className="text"
              >
                .
              </div>
            </div>
            <div
              className="view"
            >
              <div
                className="text"
              >
                .
              </div>
            </div>
            <div
              className="view"
            >
              <div
                className="text"
              >
                .
              </div>
            </div>
            <div
              className="view"
            >
              <div
                className="text"
              >
                .
              </div>
            </div>
            <div
              className="view"
            >
              <div
                className="text"
              >
                .
              </div>
            </div>
            <div
              className="view"
            >
              <div
                className="text"
              >
                .
              </div>
            </div>
            <div
              className="view"
            >
              <div
                className="text"
              >
                .
              </div>
            </div>
            <div
              className="view"
            >
              <div
                className="text"
              >
                .
              </div>
            </div>
            <div
              className="view"
            >
              <div
                className="text"
              >
                .
              </div>
            </div>
            <div
              className="view"
            >
              <div
                className="text"
              >
                .
              </div>
            </div>
            <div
              className="view"
            >
              <div
                className="text"
              >
                .
              </div>
            </div>
            <div
              className="view"
            >
              <div
                className="text"
              >
                .
              </div>
            </div>
            <div
              className="view"
            >
              <div
                className="text"
              >
                .
              </div>
            </div>
            <div
              className="view"
            >
              <div
                className="text"
              >
                .
              </div>
            </div>
            <div
              className="view"
            >
              <div
                className="text"
              >
                .
              </div>
            </div>
            <div
              className="view"
            >
              <div
                className="text"
              >
                .
              </div>
            </div>
            <div
              className="view"
            >
              <div
                className="text"
              >
                🌲
              </div>
            </div>
          </div>
        </div>
        <div
          className="view"
          style={
            {
              "display": "flex",
              "flexDirection": "column",
            }
          }
        >
          <div
            className="flatList"
          >
            <div
              className="view"
            >
              <div
                className="text"
              >
                🌲
              </div>
            </div>
            <div
              className="view"
            >
              <div
                className="text"
              >
                .
              </div>
            </div>
            <div
              className="view"
            >
              <div
                className="text"
              >
                .
              </div>
            </div>
            <div
              className="view"
            >
              <div
                className="text"
              >
                .
              </div>
            </div>
            <div
              className="view"
            >
              <div
                className="text"
              >
                .
              </div>
            </div>
            <div
              className="view"
            >
              <div
                className="text"
              >
                .
              </div>
            </div>
            <div
              className="view"
            >
              <div
                className="text"
              >
                .
              </div>
            </div>
            <div
              className="view"
            >
              <div
                className="text"
              >
                .
              </div>
            </div>
            <div
              className="view"
            >
              <div
                className="text"
              >
                .
              </div>
            </div>
            <div
              className="view"
            >
              <div
                className="text"
              >
                .
              </div>
            </div>
            <div
              className="view"
            >
              <div
                className="text"
              >
                .
              </div>
            </div>
            <div
              className="view"
            >
              <div
                className="text"
              >
                .
              </div>
            </div>
            <div
              className="view"
            >
              <div
                className="text"
              >
                .
              </div>
            </div>
            <div
              className="view"
            >
              <div
                className="text"
              >
                .
              </div>
            </div>
            <div
              className="view"
            >
              <div
                className="text"
              >
                .
              </div>
            </div>
            <div
              className="view"
            >
              <div
                className="text"
              >
                .
              </div>
            </div>
            <div
              className="view"
            >
              <div
                className="text"
              >
                .
              </div>
            </div>
            <div
              className="view"
            >
              <div
                className="text"
              >
                .
              </div>
            </div>
            <div
              className="view"
            >
              <div
                className="text"
              >
                .
              </div>
            </div>
            <div
              className="view"
            >
              <div
                className="text"
              >
                🌲
              </div>
            </div>
          </div>
        </div>
        <div
          className="view"
          style={
            {
              "display": "flex",
              "flexDirection": "column",
            }
          }
        >
          <div
            className="flatList"
          >
            <div
              className="view"
            >
              <div
                className="text"
              >
                🌲
              </div>
            </div>
            <div
              className="view"
            >
              <div
                className="text"
              >
                .
              </div>
            </div>
            <div
              className="view"
            >
              <div
                className="text"
              >
                .
              </div>
            </div>
            <div
              className="view"
            >
              <div
                className="text"
              >
                .
              </div>
            </div>
            <div
              className="view"
            >
              <div
                className="text"
              >
                .
              </div>
            </div>
            <div
              className="view"
            >
              <div
                className="text"
              >
                .
              </div>
            </div>
            <div
              className="view"
            >
              <div
                className="text"
              >
                .
              </div>
            </div>
            <div
              className="view"
            >
              <div
                className="text"
              >
                .
              </div>
            </div>
            <div
              className="view"
            >
              <div
                className="text"
              >
                .
              </div>
            </div>
            <div
              className="view"
            >
              <div
                className="text"
              >
                .
              </div>
            </div>
            <div
              className="view"
            >
              <div
                className="text"
              >
                .
              </div>
            </div>
            <div
              className="view"
            >
              <div
                className="text"
              >
                .
              </div>
            </div>
            <div
              className="view"
            >
              <div
                className="text"
              >
                .
              </div>
            </div>
            <div
              className="view"
            >
              <div
                className="text"
              >
                .
              </div>
            </div>
            <div
              className="view"
            >
              <div
                className="text"
              >
                .
              </div>
            </div>
            <div
              className="view"
            >
              <div
                className="text"
              >
                .
              </div>
            </div>
            <div
              className="view"
            >
              <div
                className="text"
              >
                .
              </div>
            </div>
            <div
              className="view"
            >
              <div
                className="text"
              >
                .
              </div>
            </div>
            <div
              className="view"
            >
              <div
                className="text"
              >
                .
              </div>
            </div>
            <div
              className="view"
            >
              <div
                className="text"
              >
                🌲
              </div>
            </div>
          </div>
        </div>
        <div
          className="view"
          style={
            {
              "display": "flex",
              "flexDirection": "column",
            }
          }
        >
          <div
            className="flatList"
          >
            <div
              className="view"
            >
              <div
                className="text"
              >
                🌲
              </div>
            </div>
            <div
              className="view"
            >
              <div
                className="text"
              >
                .
              </div>
            </div>
            <div
              className="view"
            >
              <div
                className="text"
              >
                .
              </div>
            </div>
            <div
              className="view"
            >
              <div
                className="text"
              >
                .
              </div>
            </div>
            <div
              className="view"
            >
              <div
                className="text"
              >
                .
              </div>
            </div>
            <div
              className="view"
            >
              <div
                className="text"
              >
                .
              </div>
            </div>
            <div
              className="view"
            >
              <div
                className="text"
              >
                .
              </div>
            </div>
            <div
              className="view"
            >
              <div
                className="text"
              >
                .
              </div>
            </div>
            <div
              className="view"
            >
              <div
                className="text"
              >
                .
              </div>
            </div>
            <div
              className="view"
            >
              <div
                className="text"
              >
                .
              </div>
            </div>
            <div
              className="view"
            >
              <div
                className="text"
              >
                .
              </div>
            </div>
            <div
              className="view"
            >
              <div
                className="text"
              >
                .
              </div>
            </div>
            <div
              className="view"
            >
              <div
                className="text"
              >
                .
              </div>
            </div>
            <div
              className="view"
            >
              <div
                className="text"
              >
                .
              </div>
            </div>
            <div
              className="view"
            >
              <div
                className="text"
              >
                .
              </div>
            </div>
            <div
              className="view"
            >
              <div
                className="text"
              >
                .
              </div>
            </div>
            <div
              className="view"
            >
              <div
                className="text"
              >
                .
              </div>
            </div>
            <div
              className="view"
            >
              <div
                className="text"
              >
                .
              </div>
            </div>
            <div
              className="view"
            >
              <div
                className="text"
              >
                .
              </div>
            </div>
            <div
              className="view"
            >
              <div
                className="text"
              >
                🌲
              </div>
            </div>
          </div>
        </div>
        <div
          className="view"
          style={
            {
              "display": "flex",
              "flexDirection": "column",
            }
          }
        >
          <div
            className="flatList"
          >
            <div
              className="view"
            >
              <div
                className="text"
              >
                🌲
              </div>
            </div>
            <div
              className="view"
            >
              <div
                className="text"
              >
                .
              </div>
            </div>
            <div
              className="view"
            >
              <div
                className="text"
              >
                .
              </div>
            </div>
            <div
              className="view"
            >
              <div
                className="text"
              >
                .
              </div>
            </div>
            <div
              className="view"
            >
              <div
                className="text"
              >
                .
              </div>
            </div>
            <div
              className="view"
            >
              <div
                className="text"
              >
                .
              </div>
            </div>
            <div
              className="view"
            >
              <div
                className="text"
              >
                .
              </div>
            </div>
            <div
              className="view"
            >
              <div
                className="text"
              >
                .
              </div>
            </div>
            <div
              className="view"
            >
              <div
                className="text"
              >
                .
              </div>
            </div>
            <div
              className="view"
            >
              <div
                className="text"
              >
                .
              </div>
            </div>
            <div
              className="view"
            >
              <div
                className="text"
                style={
                  {
                    "transform": [
                      {
                        "rotate": "-90deg",
                      },
                    ],
                  }
                }
              >
                ♠️
              </div>
            </div>
            <div
              className="view"
            >
              <div
                className="text"
              >
                .
              </div>
            </div>
            <div
              className="view"
            >
              <div
                className="text"
              >
                .
              </div>
            </div>
            <div
              className="view"
            >
              <div
                className="text"
              >
                .
              </div>
            </div>
            <div
              className="view"
            >
              <div
                className="text"
              >
                .
              </div>
            </div>
            <div
              className="view"
            >
              <div
                className="text"
              >
                .
              </div>
            </div>
            <div
              className="view"
            >
              <div
                className="text"
              >
                .
              </div>
            </div>
            <div
              className="view"
            >
              <div
                className="text"
              >
                .
              </div>
            </div>
            <div
              className="view"
            >
              <div
                className="text"
              >
                .
              </div>
            </div>
            <div
              className="view"
            >
              <div
                className="text"
              >
                🌲
              </div>
            </div>
          </div>
        </div>
        <div
          className="view"
          style={
            {
              "display": "flex",
              "flexDirection": "column",
            }
          }
        >
          <div
            className="flatList"
          >
            <div
              className="view"
            >
              <div
                className="text"
              >
                🌲
              </div>
            </div>
            <div
              className="view"
            >
              <div
                className="text"
              >
                .
              </div>
            </div>
            <div
              className="view"
            >
              <div
                className="text"
              >
                .
              </div>
            </div>
            <div
              className="view"
            >
              <div
                className="text"
              >
                .
              </div>
            </div>
            <div
              className="view"
            >
              <div
                className="text"
              >
                .
              </div>
            </div>
            <div
              className="view"
            >
              <div
                className="text"
              >
                .
              </div>
            </div>
            <div
              className="view"
            >
              <div
                className="text"
              >
                .
              </div>
            </div>
            <div
              className="view"
            >
              <div
                className="text"
              >
                .
              </div>
            </div>
            <div
              className="view"
            >
              <div
                className="text"
              >
                .
              </div>
            </div>
            <div
              className="view"
            >
              <div
                className="text"
              >
                .
              </div>
            </div>
            <div
              className="view"
            >
              <div
                className="text"
              >
                🟩
              </div>
            </div>
            <div
              className="view"
            >
              <div
                className="text"
              >
                .
              </div>
            </div>
            <div
              className="view"
            >
              <div
                className="text"
              >
                .
              </div>
            </div>
            <div
              className="view"
            >
              <div
                className="text"
              >
                .
              </div>
            </div>
            <div
              className="view"
            >
              <div
                className="text"
              >
                .
              </div>
            </div>
            <div
              className="view"
            >
              <div
                className="text"
              >
                .
              </div>
            </div>
            <div
              className="view"
            >
              <div
                className="text"
              >
                .
              </div>
            </div>
            <div
              className="view"
            >
              <div
                className="text"
              >
                .
              </div>
            </div>
            <div
              className="view"
            >
              <div
                className="text"
              >
                .
              </div>
            </div>
            <div
              className="view"
            >
              <div
                className="text"
              >
                🌲
              </div>
            </div>
          </div>
        </div>
        <div
          className="view"
          style={
            {
              "display": "flex",
              "flexDirection": "column",
            }
          }
        >
          <div
            className="flatList"
          >
            <div
              className="view"
            >
              <div
                className="text"
              >
                🌲
              </div>
            </div>
            <div
              className="view"
            >
              <div
                className="text"
              >
                .
              </div>
            </div>
            <div
              className="view"
            >
              <div
                className="text"
              >
                .
              </div>
            </div>
            <div
              className="view"
            >
              <div
                className="text"
              >
                .
              </div>
            </div>
            <div
              className="view"
            >
              <div
                className="text"
              >
                .
              </div>
            </div>
            <div
              className="view"
            >
              <div
                className="text"
              >
                .
              </div>
            </div>
            <div
              className="view"
            >
              <div
                className="text"
              >
                .
              </div>
            </div>
            <div
              className="view"
            >
              <div
                className="text"
              >
                .
              </div>
            </div>
            <div
              className="view"
            >
              <div
                className="text"
              >
                .
              </div>
            </div>
            <div
              className="view"
            >
              <div
                className="text"
              >
                .
              </div>
            </div>
            <div
              className="view"
            >
              <div
                className="text"
                style={
                  {
                    "transform": [
                      {
                        "rotate": "-90deg",
                      },
                    ],
                  }
                }
              >
                🔰
              </div>
            </div>
            <div
              className="view"
            >
              <div
                className="text"
              >
                .
              </div>
            </div>
            <div
              className="view"
            >
              <div
                className="text"
              >
                .
              </div>
            </div>
            <div
              className="view"
            >
              <div
                className="text"
              >
                .
              </div>
            </div>
            <div
              className="view"
            >
              <div
                className="text"
              >
                .
              </div>
            </div>
            <div
              className="view"
            >
              <div
                className="text"
              >
                .
              </div>
            </div>
            <div
              className="view"
            >
              <div
                className="text"
              >
                .
              </div>
            </div>
            <div
              className="view"
            >
              <div
                className="text"
              >
                .
              </div>
            </div>
            <div
              className="view"
            >
              <div
                className="text"
              >
                .
              </div>
            </div>
            <div
              className="view"
            >
              <div
                className="text"
              >
                🌲
              </div>
            </div>
          </div>
        </div>
        <div
          className="view"
          style={
            {
              "display": "flex",
              "flexDirection": "column",
            }
          }
        >
          <div
            className="flatList"
          >
            <div
              className="view"
            >
              <div
                className="text"
              >
                🌲
              </div>
            </div>
            <div
              className="view"
            >
              <div
                className="text"
              >
                .
              </div>
            </div>
            <div
              className="view"
            >
              <div
                className="text"
              >
                .
              </div>
            </div>
            <div
              className="view"
            >
              <div
                className="text"
              >
                .
              </div>
            </div>
            <div
              className="view"
            >
              <div
                className="text"
              >
                .
              </div>
            </div>
            <div
              className="view"
            >
              <div
                className="text"
              >
                .
              </div>
            </div>
            <div
              className="view"
            >
              <div
                className="text"
              >
                .
              </div>
            </div>
            <div
              className="view"
            >
              <div
                className="text"
              >
                .
              </div>
            </div>
            <div
              className="view"
            >
              <div
                className="text"
              >
                .
              </div>
            </div>
            <div
              className="view"
            >
              <div
                className="text"
              >
                .
              </div>
            </div>
            <div
              className="view"
            >
              <div
                className="text"
              >
                .
              </div>
            </div>
            <div
              className="view"
            >
              <div
                className="text"
              >
                .
              </div>
            </div>
            <div
              className="view"
            >
              <div
                className="text"
              >
                .
              </div>
            </div>
            <div
              className="view"
            >
              <div
                className="text"
              >
                .
              </div>
            </div>
            <div
              className="view"
            >
              <div
                className="text"
              >
                .
              </div>
            </div>
            <div
              className="view"
            >
              <div
                className="text"
              >
                .
              </div>
            </div>
            <div
              className="view"
            >
              <div
                className="text"
              >
                .
              </div>
            </div>
            <div
              className="view"
            >
              <div
                className="text"
              >
                .
              </div>
            </div>
            <div
              className="view"
            >
              <div
                className="text"
              >
                .
              </div>
            </div>
            <div
              className="view"
            >
              <div
                className="text"
              >
                🌲
              </div>
            </div>
          </div>
        </div>
        <div
          className="view"
          style={
            {
              "display": "flex",
              "flexDirection": "column",
            }
          }
        >
          <div
            className="flatList"
          >
            <div
              className="view"
            >
              <div
                className="text"
              >
                🌲
              </div>
            </div>
            <div
              className="view"
            >
              <div
                className="text"
              >
                .
              </div>
            </div>
            <div
              className="view"
            >
              <div
                className="text"
              >
                .
              </div>
            </div>
            <div
              className="view"
            >
              <div
                className="text"
              >
                .
              </div>
            </div>
            <div
              className="view"
            >
              <div
                className="text"
              >
                .
              </div>
            </div>
            <div
              className="view"
            >
              <div
                className="text"
              >
                .
              </div>
            </div>
            <div
              className="view"
            >
              <div
                className="text"
              >
                .
              </div>
            </div>
            <div
              className="view"
            >
              <div
                className="text"
              >
                .
              </div>
            </div>
            <div
              className="view"
            >
              <div
                className="text"
              >
                .
              </div>
            </div>
            <div
              className="view"
            >
              <div
                className="text"
              >
                .
              </div>
            </div>
            <div
              className="view"
            >
              <div
                className="text"
              >
                .
              </div>
            </div>
            <div
              className="view"
            >
              <div
                className="text"
              >
                .
              </div>
            </div>
            <div
              className="view"
            >
              <div
                className="text"
              >
                .
              </div>
            </div>
            <div
              className="view"
            >
              <div
                className="text"
              >
                .
              </div>
            </div>
            <div
              className="view"
            >
              <div
                className="text"
              >
                .
              </div>
            </div>
            <div
              className="view"
            >
              <div
                className="text"
              >
                .
              </div>
            </div>
            <div
              className="view"
            >
              <div
                className="text"
              >
                .
              </div>
            </div>
            <div
              className="view"
            >
              <div
                className="text"
              >
                .
              </div>
            </div>
            <div
              className="view"
            >
              <div
                className="text"
              >
                .
              </div>
            </div>
            <div
              className="view"
            >
              <div
                className="text"
              >
                🌲
              </div>
            </div>
          </div>
        </div>
        <div
          className="view"
          style={
            {
              "display": "flex",
              "flexDirection": "column",
            }
          }
        >
          <div
            className="flatList"
          >
            <div
              className="view"
            >
              <div
                className="text"
              >
                🌲
              </div>
            </div>
            <div
              className="view"
            >
              <div
                className="text"
              >
                .
              </div>
            </div>
            <div
              className="view"
            >
              <div
                className="text"
              >
                .
              </div>
            </div>
            <div
              className="view"
            >
              <div
                className="text"
              >
                .
              </div>
            </div>
            <div
              className="view"
            >
              <div
                className="text"
              >
                .
              </div>
            </div>
            <div
              className="view"
            >
              <div
                className="text"
              >
                .
              </div>
            </div>
            <div
              className="view"
            >
              <div
                className="text"
              >
                .
              </div>
            </div>
            <div
              className="view"
            >
              <div
                className="text"
              >
                .
              </div>
            </div>
            <div
              className="view"
            >
              <div
                className="text"
              >
                .
              </div>
            </div>
            <div
              className="view"
            >
              <div
                className="text"
              >
                .
              </div>
            </div>
            <div
              className="view"
            >
              <div
                className="text"
              >
                .
              </div>
            </div>
            <div
              className="view"
            >
              <div
                className="text"
              >
                .
              </div>
            </div>
            <div
              className="view"
            >
              <div
                className="text"
              >
                .
              </div>
            </div>
            <div
              className="view"
            >
              <div
                className="text"
              >
                .
              </div>
            </div>
            <div
              className="view"
            >
              <div
                className="text"
              >
                .
              </div>
            </div>
            <div
              className="view"
            >
              <div
                className="text"
              >
                .
              </div>
            </div>
            <div
              className="view"
            >
              <div
                className="text"
              >
                .
              </div>
            </div>
            <div
              className="view"
            >
              <div
                className="text"
              >
                .
              </div>
            </div>
            <div
              className="view"
            >
              <div
                className="text"
              >
                .
              </div>
            </div>
            <div
              className="view"
            >
              <div
                className="text"
              >
                🌲
              </div>
            </div>
          </div>
        </div>
        <div
          className="view"
          style={
            {
              "display": "flex",
              "flexDirection": "column",
            }
          }
        >
          <div
            className="flatList"
          >
            <div
              className="view"
            >
              <div
                className="text"
              >
                🌲
              </div>
            </div>
            <div
              className="view"
            >
              <div
                className="text"
              >
                .
              </div>
            </div>
            <div
              className="view"
            >
              <div
                className="text"
              >
                .
              </div>
            </div>
            <div
              className="view"
            >
              <div
                className="text"
              >
                .
              </div>
            </div>
            <div
              className="view"
            >
              <div
                className="text"
              >
                .
              </div>
            </div>
            <div
              className="view"
            >
              <div
                className="text"
              >
                .
              </div>
            </div>
            <div
              className="view"
            >
              <div
                className="text"
              >
                .
              </div>
            </div>
            <div
              className="view"
            >
              <div
                className="text"
              >
                .
              </div>
            </div>
            <div
              className="view"
            >
              <div
                className="text"
              >
                .
              </div>
            </div>
            <div
              className="view"
            >
              <div
                className="text"
              >
                .
              </div>
            </div>
            <div
              className="view"
            >
              <div
                className="text"
              >
                .
              </div>
            </div>
            <div
              className="view"
            >
              <div
                className="text"
              >
                .
              </div>
            </div>
            <div
              className="view"
            >
              <div
                className="text"
              >
                .
              </div>
            </div>
            <div
              className="view"
            >
              <div
                className="text"
              >
                .
              </div>
            </div>
            <div
              className="view"
            >
              <div
                className="text"
              >
                .
              </div>
            </div>
            <div
              className="view"
            >
              <div
                className="text"
              >
                .
              </div>
            </div>
            <div
              className="view"
            >
              <div
                className="text"
              >
                .
              </div>
            </div>
            <div
              className="view"
            >
              <div
                className="text"
              >
                .
              </div>
            </div>
            <div
              className="view"
            >
              <div
                className="text"
              >
                .
              </div>
            </div>
            <div
              className="view"
            >
              <div
                className="text"
              >
                🌲
              </div>
            </div>
          </div>
        </div>
        <div
          className="view"
          style={
            {
              "display": "flex",
              "flexDirection": "column",
            }
          }
        >
          <div
            className="flatList"
          >
            <div
              className="view"
            >
              <div
                className="text"
              >
                🌲
              </div>
            </div>
            <div
              className="view"
            >
              <div
                className="text"
              >
                .
              </div>
            </div>
            <div
              className="view"
            >
              <div
                className="text"
              >
                .
              </div>
            </div>
            <div
              className="view"
            >
              <div
                className="text"
              >
                .
              </div>
            </div>
            <div
              className="view"
            >
              <div
                className="text"
              >
                .
              </div>
            </div>
            <div
              className="view"
            >
              <div
                className="text"
              >
                .
              </div>
            </div>
            <div
              className="view"
            >
              <div
                className="text"
              >
                .
              </div>
            </div>
            <div
              className="view"
            >
              <div
                className="text"
              >
                .
              </div>
            </div>
            <div
              className="view"
            >
              <div
                className="text"
              >
                .
              </div>
            </div>
            <div
              className="view"
            >
              <div
                className="text"
              >
                .
              </div>
            </div>
            <div
              className="view"
            >
              <div
                className="text"
              >
                .
              </div>
            </div>
            <div
              className="view"
            >
              <div
                className="text"
              >
                .
              </div>
            </div>
            <div
              className="view"
            >
              <div
                className="text"
              >
                .
              </div>
            </div>
            <div
              className="view"
            >
              <div
                className="text"
              >
                .
              </div>
            </div>
            <div
              className="view"
            >
              <div
                className="text"
              >
                .
              </div>
            </div>
            <div
              className="view"
            >
              <div
                className="text"
              >
                .
              </div>
            </div>
            <div
              className="view"
            >
              <div
                className="text"
              >
                .
              </div>
            </div>
            <div
              className="view"
            >
              <div
                className="text"
              >
                .
              </div>
            </div>
            <div
              className="view"
            >
              <div
                className="text"
              >
                .
              </div>
            </div>
            <div
              className="view"
            >
              <div
                className="text"
              >
                🌲
              </div>
            </div>
          </div>
        </div>
        <div
          className="view"
          style={
            {
              "display": "flex",
              "flexDirection": "column",
            }
          }
        >
          <div
            className="flatList"
          >
            <div
              className="view"
            >
              <div
                className="text"
              >
                🌲
              </div>
            </div>
            <div
              className="view"
            >
              <div
                className="text"
              >
                .
              </div>
            </div>
            <div
              className="view"
            >
              <div
                className="text"
              >
                .
              </div>
            </div>
            <div
              className="view"
            >
              <div
                className="text"
              >
                .
              </div>
            </div>
            <div
              className="view"
            >
              <div
                className="text"
              >
                .
              </div>
            </div>
            <div
              className="view"
            >
              <div
                className="text"
              >
                .
              </div>
            </div>
            <div
              className="view"
            >
              <div
                className="text"
              >
                .
              </div>
            </div>
            <div
              className="view"
            >
              <div
                className="text"
              >
                .
              </div>
            </div>
            <div
              className="view"
            >
              <div
                className="text"
              >
                .
              </div>
            </div>
            <div
              className="view"
            >
              <div
                className="text"
              >
                .
              </div>
            </div>
            <div
              className="view"
            >
              <div
                className="text"
              >
                .
              </div>
            </div>
            <div
              className="view"
            >
              <div
                className="text"
              >
                .
              </div>
            </div>
            <div
              className="view"
            >
              <div
                className="text"
              >
                .
              </div>
            </div>
            <div
              className="view"
            >
              <div
                className="text"
              >
                .
              </div>
            </div>
            <div
              className="view"
            >
              <div
                className="text"
              >
                .
              </div>
            </div>
            <div
              className="view"
            >
              <div
                className="text"
              >
                .
              </div>
            </div>
            <div
              className="view"
            >
              <div
                className="text"
              >
                .
              </div>
            </div>
            <div
              className="view"
            >
              <div
                className="text"
              >
                .
              </div>
            </div>
            <div
              className="view"
            >
              <div
                className="text"
              >
                .
              </div>
            </div>
            <div
              className="view"
            >
              <div
                className="text"
              >
                🌲
              </div>
            </div>
          </div>
        </div>
        <div
          className="view"
          style={
            {
              "display": "flex",
              "flexDirection": "column",
            }
          }
        >
          <div
            className="flatList"
          >
            <div
              className="view"
            >
              <div
                className="text"
              >
                🌲
              </div>
            </div>
            <div
              className="view"
            >
              <div
                className="text"
              >
                .
              </div>
            </div>
            <div
              className="view"
            >
              <div
                className="text"
              >
                .
              </div>
            </div>
            <div
              className="view"
            >
              <div
                className="text"
              >
                .
              </div>
            </div>
            <div
              className="view"
            >
              <div
                className="text"
              >
                .
              </div>
            </div>
            <div
              className="view"
            >
              <div
                className="text"
              >
                .
              </div>
            </div>
            <div
              className="view"
            >
              <div
                className="text"
              >
                .
              </div>
            </div>
            <div
              className="view"
            >
              <div
                className="text"
              >
                .
              </div>
            </div>
            <div
              className="view"
            >
              <div
                className="text"
              >
                .
              </div>
            </div>
            <div
              className="view"
            >
              <div
                className="text"
              >
                .
              </div>
            </div>
            <div
              className="view"
            >
              <div
                className="text"
              >
                .
              </div>
            </div>
            <div
              className="view"
            >
              <div
                className="text"
              >
                .
              </div>
            </div>
            <div
              className="view"
            >
              <div
                className="text"
              >
                .
              </div>
            </div>
            <div
              className="view"
            >
              <div
                className="text"
              >
                .
              </div>
            </div>
            <div
              className="view"
            >
              <div
                className="text"
              >
                .
              </div>
            </div>
            <div
              className="view"
            >
              <div
                className="text"
              >
                .
              </div>
            </div>
            <div
              className="view"
            >
              <div
                className="text"
              >
                .
              </div>
            </div>
            <div
              className="view"
            >
              <div
                className="text"
              >
                .
              </div>
            </div>
            <div
              className="view"
            >
              <div
                className="text"
              >
                .
              </div>
            </div>
            <div
              className="view"
            >
              <div
                className="text"
              >
                🌲
              </div>
            </div>
          </div>
        </div>
        <div
          className="view"
          style={
            {
              "display": "flex",
              "flexDirection": "column",
            }
          }
        >
          <div
            className="flatList"
          >
            <div
              className="view"
            >
              <div
                className="text"
              >
                🌲
              </div>
            </div>
            <div
              className="view"
            >
              <div
                className="text"
              >
                .
              </div>
            </div>
            <div
              className="view"
            >
              <div
                className="text"
              >
                .
              </div>
            </div>
            <div
              className="view"
            >
              <div
                className="text"
              >
                .
              </div>
            </div>
            <div
              className="view"
            >
              <div
                className="text"
              >
                .
              </div>
            </div>
            <div
              className="view"
            >
              <div
                className="text"
              >
                .
              </div>
            </div>
            <div
              className="view"
            >
              <div
                className="text"
              >
                .
              </div>
            </div>
            <div
              className="view"
            >
              <div
                className="text"
              >
                .
              </div>
            </div>
            <div
              className="view"
            >
              <div
                className="text"
              >
                .
              </div>
            </div>
            <div
              className="view"
            >
              <div
                className="text"
              >
                .
              </div>
            </div>
            <div
              className="view"
            >
              <div
                className="text"
              >
                .
              </div>
            </div>
            <div
              className="view"
            >
              <div
                className="text"
              >
                .
              </div>
            </div>
            <div
              className="view"
            >
              <div
                className="text"
              >
                .
              </div>
            </div>
            <div
              className="view"
            >
              <div
                className="text"
              >
                .
              </div>
            </div>
            <div
              className="view"
            >
              <div
                className="text"
              >
                .
              </div>
            </div>
            <div
              className="view"
            >
              <div
                className="text"
              >
                .
              </div>
            </div>
            <div
              className="view"
            >
              <div
                className="text"
              >
                .
              </div>
            </div>
            <div
              className="view"
            >
              <div
                className="text"
              >
                .
              </div>
            </div>
            <div
              className="view"
            >
              <div
                className="text"
              >
                .
              </div>
            </div>
            <div
              className="view"
            >
              <div
                className="text"
              >
                🌲
              </div>
            </div>
          </div>
        </div>
        <div
          className="view"
          style={
            {
              "display": "flex",
              "flexDirection": "column",
            }
          }
        >
          <div
            className="flatList"
          >
            <div
              className="view"
            >
              <div
                className="text"
              >
                🌲
              </div>
            </div>
            <div
              className="view"
            >
              <div
                className="text"
              >
                🌲
              </div>
            </div>
            <div
              className="view"
            >
              <div
                className="text"
              >
                🌲
              </div>
            </div>
            <div
              className="view"
            >
              <div
                className="text"
              >
                🌲
              </div>
            </div>
            <div
              className="view"
            >
              <div
                className="text"
              >
                🌲
              </div>
            </div>
            <div
              className="view"
            >
              <div
                className="text"
              >
                🌲
              </div>
            </div>
            <div
              className="view"
            >
              <div
                className="text"
              >
                🌲
              </div>
            </div>
            <div
              className="view"
            >
              <div
                className="text"
              >
                🌲
              </div>
            </div>
            <div
              className="view"
            >
              <div
                className="text"
              >
                🌲
              </div>
            </div>
            <div
              className="view"
            >
              <div
                className="text"
              >
                🌲
              </div>
            </div>
            <div
              className="view"
            >
              <div
                className="text"
              >
                🌲
              </div>
            </div>
            <div
              className="view"
            >
              <div
                className="text"
              >
                🌲
              </div>
            </div>
            <div
              className="view"
            >
              <div
                className="text"
              >
                🌲
              </div>
            </div>
            <div
              className="view"
            >
              <div
                className="text"
              >
                🌲
              </div>
            </div>
            <div
              className="view"
            >
              <div
                className="text"
              >
                🌲
              </div>
            </div>
            <div
              className="view"
            >
              <div
                className="text"
              >
                🌲
              </div>
            </div>
            <div
              className="view"
            >
              <div
                className="text"
              >
                🌲
              </div>
            </div>
            <div
              className="view"
            >
              <div
                className="text"
              >
                🌲
              </div>
            </div>
            <div
              className="view"
            >
              <div
                className="text"
              >
                🌲
              </div>
            </div>
            <div
              className="view"
            >
              <div
                className="text"
              >
                🌲
              </div>
            </div>
          </div>
        </div>
      </div>
    </div>
  </div>
  <div
    className="view"
    style={
      {
        "flexDirection": "column",
      }
    }
  >
    <div
      className="view"
      style={
        {
          "flexDirection": "row",
        }
      }
    >
      <div
        className="view"
      />
      <div
        className="view"
        style={{}}
      >
        <div
          className="pressable"
          onClick={[Function]}
        >
          <div
            className="text"
            style={{}}
          >
            <div
              className="fontAwesome5"
              style={
                {
                  "color": "#000000",
                  "fontSize": 24,
                }
              }
            >
              arrow-circle-up
            </div>
          </div>
        </div>
      </div>
      <div
        className="view"
      />
    </div>
    <div
      className="view"
      style={
        {
          "flexDirection": "row",
        }
      }
    >
      <div
        className="view"
        style={{}}
      >
        <div
          className="pressable"
          onClick={[Function]}
        >
          <div
            className="text"
            style={{}}
          >
            <div
              className="fontAwesome5"
              style={
                {
                  "color": "#000000",
                  "fontSize": 24,
                }
              }
            >
              arrow-circle-left
            </div>
          </div>
        </div>
      </div>
      <div
        className="view"
      />
      <div
        className="view"
        style={{}}
      >
        <div
          className="pressable"
          onClick={[Function]}
        >
          <div
            className="text"
            style={{}}
          >
            <div
              className="fontAwesome5"
              style={
                {
                  "color": "#000000",
                  "fontSize": 24,
                }
              }
            >
              arrow-circle-right
            </div>
          </div>
        </div>
      </div>
    </div>
    <div
      className="view"
      style={
        {
          "display": "flex",
          "flexDirection": "row",
        }
      }
    >
      <div
        className="view"
      />
      <div
        className="view"
        style={{}}
      >
        <div
          className="pressable"
          onClick={[Function]}
        >
          <div
            className="text"
            style={{}}
          >
            <div
              className="fontAwesome5"
              style={
                {
                  "color": "#000000",
                  "fontSize": 24,
                }
              }
            >
              arrow-circle-down
            </div>
          </div>
        </div>
      </div>
      <div
        className="view"
      />
    </div>
  </div>
</div>
`;
